Tahoe City, CA 1957-58 {"total":293.5,"missingCore":0,"incomplete":false}
Tahoe City, CA 1972-73 {"total":163.5,"missingCore":0,"incomplete":false}
Tahoe City, CA 1982-83 {"total":222.1,"missingCore":0,"incomplete":false}
Tahoe City, CA 1991-92 {"total":59,"missingCore":1,"incomplete":true}
Tahoe City, CA 1997-98 {"total":233.5,"missingCore":0,"incomplete":false}
Tahoe City, CA 2015-16 {"total":140,"missingCore":0,"incomplete":false}
Tahoe City, CA 2023-24 {"total":169.7,"missingCore":0,"incomplete":false}
Buffalo, NY 1957-58 {"total":124.70000000000002,"missingCore":0,"incomplete":false}
Buffalo, NY 1972-73 {"total":78.8,"missingCore":0,"incomplete":false}
Buffalo, NY 1982-83 {"total":52.4,"missingCore":0,"incomplete":false}
Buffalo, NY 1991-92 {"total":92.8,"missingCore":0,"incomplete":false}
Buffalo, NY 1997-98 {"total":75.6,"missingCore":0,"incomplete":false}
Buffalo, NY 2015-16 {"total":55.1,"missingCore":0,"incomplete":false}
Buffalo, NY 2023-24 {"total":71.3,"missingCore":0,"incomplete":false}
Flagstaff, AZ 1957-58 {"total":71.5,"missingCore":0,"incomplete":false}
Flagstaff, AZ 1972-73 {"total":210.00000000000003,"missingCore":0,"incomplete":false}
Flagstaff, AZ 1982-83 {"total":142.6,"missingCore":0,"incomplete":false}
Flagstaff, AZ 1991-92 {"total":158.9,"missingCore":0,"incomplete":false}
Flagstaff, AZ 1997-98 {"total":136.70000000000002,"missingCore":0,"incomplete":false}
Flagstaff, AZ 2015-16 {"total":78.30000000000001,"missingCore":0,"incomplete":false}
Flagstaff, AZ 2023-24 {"total":107.60000000000001,"missingCore":0,"incomplete":false}
Burlington, VT 1957-58 {"total":94.89999999999999,"missingCore":0,"incomplete":false}
Burlington, VT 1972-73 {"total":89.69999999999999,"missingCore":0,"incomplete":false}
Burlington, VT 1982-83 {"total":80.5,"missingCore":0,"incomplete":false}
Burlington, VT 1991-92 {"total":79.19999999999999,"missingCore":0,"incomplete":false}
Burlington, VT 1997-98 {"total":93.9,"missingCore":0,"incomplete":false}
Burlington, VT 2015-16 {"total":34.3,"missingCore":0,"incomplete":false}
Burlington, VT 2023-24 {"total":60.8,"missingCore":0,"incomplete":false}
Anchorage, AK 1957-58 {"total":30.400000000000002,"missingCore":0,"incomplete":false}
Anchorage, AK 1972-73 {"total":48.5,"missingCore":0,"incomplete":false}
Anchorage, AK 1982-83 {"total":71.4,"missingCore":0,"incomplete":false}
Anchorage, AK 1991-92 {"total":99.7,"missingCore":0,"incomplete":false}
Anchorage, AK 1997-98 {"total":56.5,"missingCore":0,"incomplete":false}
Anchorage, AK 2015-16 {"total":38.300000000000004,"missingCore":0,"incomplete":false}
Anchorage, AK 2023-24 {"total":133.29999999999998,"missingCore":0,"incomplete":false}
Portland, ME 1957-58 {"total":88.89999999999999,"missingCore":0,"incomplete":false}
Portland, ME 1972-73 {"total":69.7,"missingCore":0,"incomplete":false}
Portland, ME 1982-83 {"total":45.300000000000004,"missingCore":0,"incomplete":false}
Portland, ME 1991-92 {"total":58.6,"missingCore":0,"incomplete":false}
Portland, ME 1997-98 {"total":54.5,"missingCore":0,"incomplete":false}
Portland, ME 2015-16 {"total":51.800000000000004,"missingCore":0,"incomplete":false}
Portland, ME 2023-24 {"total":38,"missingCore":0,"incomplete":false}
Concord, NH 1957-58 {"total":68.5,"missingCore":0,"incomplete":false}
Concord, NH 1972-73 {"total":58.300000000000004,"missingCore":0,"incomplete":false}
Concord, NH 1982-83 {"total":38.7,"missingCore":0,"incomplete":false}
Concord, NH 1991-92 {"total":35.2,"missingCore":0,"incomplete":false}
Concord, NH 1997-98 {"total":59.1,"missingCore":0,"incomplete":false}
Concord, NH 2015-16 {"total":29.7,"missingCore":0,"incomplete":false}
Concord, NH 2023-24 {"total":55.5,"missingCore":0,"incomplete":false}
Denver, CO 1957-58 {"total":0,"missingCore":7,"incomplete":true}
Denver, CO 1972-73 {"total":0,"missingCore":7,"incomplete":true}
Denver, CO 1982-83 {"total":0,"missingCore":7,"incomplete":true}
Denver, CO 1991-92 {"total":0,"missingCore":7,"incomplete":true}
Denver, CO 1997-98 {"total":0,"missingCore":7,"incomplete":true}
Denver, CO 2015-16 {"total":72.8,"missingCore":0,"incomplete":false}
Denver, CO 2023-24 {"total":44.599999999999994,"missingCore":0,"incomplete":false}
Salt Lake City, UT 1957-58 {"total":65.7,"missingCore":0,"incomplete":false}
Salt Lake City, UT 1972-73 {"total":87.19999999999999,"missingCore":0,"incomplete":false}
Salt Lake City, UT 1982-83 {"total":55.8,"missingCore":0,"incomplete":false}
Salt Lake City, UT 1991-92 {"total":38.50000000000001,"missingCore":0,"incomplete":false}
Salt Lake City, UT 1997-98 {"total":65.2,"missingCore":0,"incomplete":false}
Salt Lake City, UT 2015-16 {"total":34.300000000000004,"missingCore":0,"incomplete":false}
Salt Lake City, UT 2023-24 {"total":28.299999999999997,"missingCore":0,"incomplete":false}
Cleveland, OH 1957-58 {"total":31.099999999999998,"missingCore":0,"incomplete":false}
Cleveland, OH 1972-73 {"total":68.5,"missingCore":0,"incomplete":false}
Cleveland, OH 1982-83 {"total":38,"missingCore":0,"incomplete":false}
Cleveland, OH 1991-92 {"total":65.7,"missingCore":0,"incomplete":false}
Cleveland, OH 1997-98 {"total":34,"missingCore":0,"incomplete":false}
Cleveland, OH 2015-16 {"total":32.8,"missingCore":0,"incomplete":false}
Cleveland, OH 2023-24 {"total":25.7,"missingCore":0,"incomplete":false}


RAW JSON:
{
  "Tahoe City, CA": {
    "sid": "USC00048758",
    "winters": {
      "1957-58": {
        "total": 293.5,
        "missingCore": 0,
        "incomplete": false
      },
      "1972-73": {
        "total": 163.5,
        "missingCore": 0,
        "incomplete": false
      },
      "1982-83": {
        "total": 222.1,
        "missingCore": 0,
        "incomplete": false
      },
      "1991-92": {
        "total": 59,
        "missingCore": 1,
        "incomplete": true
      },
      "1997-98": {
        "total": 233.5,
        "missingCore": 0,
        "incomplete": false
      },
      "2015-16": {
        "total": 140,
        "missingCore": 0,
        "incomplete": false
      },
      "2023-24": {
        "total": 169.7,
        "missingCore": 0,
        "incomplete": false
      }
    }
  },
  "Buffalo, NY": {
    "sid": "USW00014733",
    "winters": {
      "1957-58": {
        "total": 124.70000000000002,
        "missingCore": 0,
        "incomplete": false
      },
      "1972-73": {
        "total": 78.8,
        "missingCore": 0,
        "incomplete": false
      },
      "1982-83": {
        "total": 52.4,
        "missingCore": 0,
        "incomplete": false
      },
      "1991-92": {
        "total": 92.8,
        "missingCore": 0,
        "incomplete": false
      },
      "1997-98": {
        "total": 75.6,
        "missingCore": 0,
        "incomplete": false
      },
      "2015-16": {
        "total": 55.1,
        "missingCore": 0,
        "incomplete": false
      },
      "2023-24": {
        "total": 71.3,
        "missingCore": 0,
        "incomplete": false
      }
    }
  },
  "Flagstaff, AZ": {
    "sid": "USW00003103",
    "winters": {
      "1957-58": {
        "total": 71.5,
        "missingCore": 0,
        "incomplete": false
      },
      "1972-73": {
        "total": 210.00000000000003,
        "missingCore": 0,
        "incomplete": false
      },
      "1982-83": {
        "total": 142.6,
        "missingCore": 0,
        "incomplete": false
      },
      "1991-92": {
        "total": 158.9,
        "missingCore": 0,
        "incomplete": false
      },
      "1997-98": {
        "total": 136.70000000000002,
        "missingCore": 0,
        "incomplete": false
      },
      "2015-16": {
        "total": 78.30000000000001,
        "missingCore": 0,
        "incomplete": false
      },
      "2023-24": {
        "total": 107.60000000000001,
        "missingCore": 0,
        "incomplete": false
      }
    }
  },
  "Burlington, VT": {
    "sid": "USW00014742",
    "winters": {
      "1957-58": {
        "total": 94.89999999999999,
        "missingCore": 0,
        "incomplete": false
      },
      "1972-73": {
        "total": 89.69999999999999,
        "missingCore": 0,
        "incomplete": false
      },
      "1982-83": {
        "total": 80.5,
        "missingCore": 0,
        "incomplete": false
      },
      "1991-92": {
        "total": 79.19999999999999,
        "missingCore": 0,
        "incomplete": false
      },
      "1997-98": {
        "total": 93.9,
        "missingCore": 0,
        "incomplete": false
      },
      "2015-16": {
        "total": 34.3,
        "missingCore": 0,
        "incomplete": false
      },
      "2023-24": {
        "total": 60.8,
        "missingCore": 0,
        "incomplete": false
      }
    }
  },
  "Anchorage, AK": {
    "sid": "USW00026451",
    "winters": {
      "1957-58": {
        "total": 30.400000000000002,
        "missingCore": 0,
        "incomplete": false
      },
      "1972-73": {
        "total": 48.5,
        "missingCore": 0,
        "incomplete": false
      },
      "1982-83": {
        "total": 71.4,
        "missingCore": 0,
        "incomplete": false
      },
      "1991-92": {
        "total": 99.7,
        "missingCore": 0,
        "incomplete": false
      },
      "1997-98": {
        "total": 56.5,
        "missingCore": 0,
        "incomplete": false
      },
      "2015-16": {
        "total": 38.300000000000004,
        "missingCore": 0,
        "incomplete": false
      },
      "2023-24": {
        "total": 133.29999999999998,
        "missingCore": 0,
        "incomplete": false
      }
    }
  },
  "Portland, ME": {
    "sid": "USW00014764",
    "winters": {
      "1957-58": {
        "total": 88.89999999999999,
        "missingCore": 0,
        "incomplete": false
      },
      "1972-73": {
        "total": 69.7,
        "missingCore": 0,
        "incomplete": false
      },
      "1982-83": {
        "total": 45.300000000000004,
        "missingCore": 0,
        "incomplete": false
      },
      "1991-92": {
        "total": 58.6,
        "missingCore": 0,
        "incomplete": false
      },
      "1997-98": {
        "total": 54.5,
        "missingCore": 0,
        "incomplete": false
      },
      "2015-16": {
        "total": 51.800000000000004,
        "missingCore": 0,
        "incomplete": false
      },
      "2023-24": {
        "total": 38,
        "missingCore": 0,
        "incomplete": false
      }
    }
  },
  "Concord, NH": {
    "sid": "USW00014745",
    "winters": {
      "1957-58": {
        "total": 68.5,
        "missingCore": 0,
        "incomplete": false
      },
      "1972-73": {
        "total": 58.300000000000004,
        "missingCore": 0,
        "incomplete": false
      },
      "1982-83": {
        "total": 38.7,
        "missingCore": 0,
        "incomplete": false
      },
      "1991-92": {
        "total": 35.2,
        "missingCore": 0,
        "incomplete": false
      },
      "1997-98": {
        "total": 59.1,
        "missingCore": 0,
        "incomplete": false
      },
      "2015-16": {
        "total": 29.7,
        "missingCore": 0,
        "incomplete": false
      },
      "2023-24": {
        "total": 55.5,
        "missingCore": 0,
        "incomplete": false
      }
    }
  },
  "Denver, CO": {
    "sid": "USW00003017",
    "winters": {
      "1957-58": {
        "total": 0,
        "missingCore": 7,
        "incomplete": true
      },
      "1972-73": {
        "total": 0,
        "missingCore": 7,
        "incomplete": true
      },
      "1982-83": {
        "total": 0,
        "missingCore": 7,
        "incomplete": true
      },
      "1991-92": {
        "total": 0,
        "missingCore": 7,
        "incomplete": true
      },
      "1997-98": {
        "total": 0,
        "missingCore": 7,
        "incomplete": true
      },
      "2015-16": {
        "total": 72.8,
        "missingCore": 0,
        "incomplete": false
      },
      "2023-24": {
        "total": 44.599999999999994,
        "missingCore": 0,
        "incomplete": false
      }
    }
  },
  "Salt Lake City, UT": {
    "sid": "USW00024127",
    "winters": {
      "1957-58": {
        "total": 65.7,
        "missingCore": 0,
        "incomplete": false
      },
      "1972-73": {
        "total": 87.19999999999999,
        "missingCore": 0,
        "incomplete": false
      },
      "1982-83": {
        "total": 55.8,
        "missingCore": 0,
        "incomplete": false
      },
      "1991-92": {
        "total": 38.50000000000001,
        "missingCore": 0,
        "incomplete": false
      },
      "1997-98": {
        "total": 65.2,
        "missingCore": 0,
        "incomplete": false
      },
      "2015-16": {
        "total": 34.300000000000004,
        "missingCore": 0,
        "incomplete": false
      },
      "2023-24": {
        "total": 28.299999999999997,
        "missingCore": 0,
        "incomplete": false
      }
    }
  },
  "Cleveland, OH": {
    "sid": "USW00014820",
    "winters": {
      "1957-58": {
        "total": 31.099999999999998,
        "missingCore": 0,
        "incomplete": false
      },
      "1972-73": {
        "total": 68.5,
        "missingCore": 0,
        "incomplete": false
      },
      "1982-83": {
        "total": 38,
        "missingCore": 0,
        "incomplete": false
      },
      "1991-92": {
        "total": 65.7,
        "missingCore": 0,
        "incomplete": false
      },
      "1997-98": {
        "total": 34,
        "missingCore": 0,
        "incomplete": false
      },
      "2015-16": {
        "total": 32.8,
        "missingCore": 0,
        "incomplete": false
      },
      "2023-24": {
        "total": 25.7,
        "missingCore": 0,
        "incomplete": false
      }
    }
  }
}
